dhcp.c:262:6:default_ip_assign	8	static
dhcp.c:270:6:default_ip_update	8	static
dhcp.c:280:6:default_ip_conflict	8	static
dhcp.c:289:6:reg_dhcp_cbfunc	24	static
dhcp.c:300:6:makeDHCPMSG	24	static
dhcp.c:359:6:send_DHCP_DISCOVER	32	static
dhcp.c:424:6:send_DHCP_REQUEST	40	static
dhcp.c:523:6:send_DHCP_DECLINE	32	static
dhcp.c:583:8:parseDHCPMSG	48	static
dhcp.c:683:9:DHCP_run	16	static
dhcp.c:813:9:DHCP_stop	8	static
dhcp.c:819:9:check_DHCP_timeout	16	static
dhcp.c:872:8:check_DHCP_leasedIP	24	static
dhcp.c:907:6:DHCP_init	24	static
dhcp.c:937:6:reset_DHCP_timeout	4	static
dhcp.c:944:6:DHCP_time_handler	4	static
dhcp.c:949:6:getIPfromDHCP	16	static
dhcp.c:957:6:getGWfromDHCP	16	static
dhcp.c:965:6:getSNfromDHCP	16	static
dhcp.c:973:6:getDNSfromDHCP	16	static
dhcp.c:981:10:getDHCPLeasetime	4	static
dhcp.c:986:6:NibbleToHex	16	static
