main.c:82:6:cs_set	8	static
main.c:85:6:cs_unset	8	static
main.c:89:9:data_wiznet_read	32	static
main.c:103:6:data_wiznet_write	32	static
main.c:154:6:FDCAN_Config	56	static
main.c:180:6:can_tx_func	64	static
main.c:200:9:wiznet820_read_data	32	static
main.c:227:5:rand_val	16	static
main.c:237:5:main	896	static
main.c:417:6:SystemClock_Config	336	static
main.c:519:13:MX_FDCAN2_Init	8	static
main.c:582:13:MX_SPI3_Init	8	static
main.c:630:13:MX_TIM7_Init	24	static
main.c:668:13:MX_USART6_UART_Init	8	static
main.c:706:13:MX_DMA_Init	16	static
main.c:723:13:MX_GPIO_Init	56	static
main.c:819:6:uart_send_byte	16	static
main.c:825:6:wiznet820_send_data	32	static
main.c:840:6:fobos_eth_protocol_send	24	static
main.c:849:6:eth_cmds_analysis	16	static
main.c:891:6:Error_Handler	4	static
